[exponentwptheme.com/finance/index.html]
[backblue.gif]
[fade.gif]
[index.html]
[exponentwptheme.com/cdn-cgi/apps/head/QnsYqqvjyh0MKdHz8gTjGt2dv0k.js]
[exponentwptheme.com/finance/wp-includes/css/dist/block-library/style.min03ec.css]
[qu3r1v212d48cje431eqa61a-wpengine.netdna-ssl.com/wp-content/plugins/be-grid/css/be-grid.min9030.css]
[exponentwptheme.com/finance/feed/index.html]
[exponentwptheme.com/finance/comments/feed/index.html]
[exponentwptheme.com/finance/wp-content/plugins/contact-form-7/includes/css/stylesc6ac.css]
[qu3r1v212d48cje431eqa61a-wpengine.netdna-ssl.com/wp-content/plugins/tatsu/public/css/tatsu.min005e.css]
[qu3r1v212d48cje431eqa61a-wpengine.netdna-ssl.com/wp-content/plugins/exponent-modules/public/css/exponent-modules.min53cf.css]
[exponentwptheme.com/finance/wp-content/plugins/instagram-feed/css/sb-instagram.min2f3e.css]
[exponentwptheme.com/finance/wp-content/plugins/tatsu/includes/icons/tatsu_icons/tatsu-icons03ec.css]
[exponentwptheme.com/finance/wp-content/plugins/revslider/public/assets/css/settings84f5.css]
[qu3r1v212d48cje431eqa61a-wpengine.netdna-ssl.com/wp-content/themes/exponent/fonts/icons9030.css]
[qu3r1v212d48cje431eqa61a-wpengine.netdna-ssl.com/wp-content/themes/exponent/css/vendor/vendor.min9030.css]
[qu3r1v212d48cje431eqa61a-wpengine.netdna-ssl.com/wp-content/themes/exponent/css/main.min9030.css]
[qu3r1v212d48cje431eqa61a-wpengine.netdna-ssl.com/wp-content/themes/exponent/style9030.css]
[exponentwptheme.com/finance/wp-includes/js/jquery/jquery4a5f.js]
[exponentwptheme.com/finance/wp-includes/js/jquery/jquery-migrate.min330a.js]
[exponentwptheme.com/finance/wp-content/plugins/typehub/public/js/webfont.min03ec.js]
[exponentwptheme.com/finance/wp-content/plugins/revslider/public/assets/js/jquery.themepunch.tools.min84f5.js]
[exponentwptheme.com/finance/wp-content/plugins/revslider/public/assets/js/jquery.themepunch.revolution.min84f5.js]
[qu3r1v212d48cje431eqa61a-wpengine.netdna-ssl.com/wp-content/themes/exponent/js/vendor/modernizr.min03ec.js]
[exponentwptheme.com/finance/xmlrpc0db0.php]
[exponentwptheme.com/finance/wp-json/index.html]
[exponentwptheme.com/finance/wp-includes/wlwmanifest.xml]
[exponentwptheme.com/finance/wp-json/oembed/1.0/embed5395.json]
[exponentwptheme.com/finance/wp-json/oembed/1.0/embed36e7]
[exponentwptheme.com/finance/wp-content/uploads/sites/19/2018/12/exp-logo-dark.svg]
[exponentwptheme.com/finance/wp-content/uploads/sites/19/2018/12/exp-logo-light.svg]
[exponentwptheme.com/finance/wp-content/plugins/revslider/admin/assets/images/dummy.png]
[exponentwptheme.com/finance/home/index.html]
[exponentwptheme.com/finance/wp-content/uploads/sites/19/2018/09/Home-IMG-2.jpg]
[exponentwptheme.com/finance/about-2/index.html]
[exponentwptheme.com/finance/wp-content/uploads/sites/19/2018/09/Home-IMG-3.jpg]
[exponentwptheme.com/finance/wp-content/uploads/sites/19/2018/09/Home-IMG-4.jpg]
[exponentwptheme.com/finance/services/index.html]
[exponentwptheme.com/finance/wp-content/uploads/sites/19/2018/09/Home-IMG-5.svg]
[exponentwptheme.com/finance/portfolio/consulting/index.html]
[exponentwptheme.com/finance/portfolio/stock-markets/index.html]
[exponentwptheme.com/finance/wp-content/uploads/sites/19/2018/09/Home-Test-IMG.jpg]
[exponentwptheme.com/finance/portfolio/mutual-funds/index.html]
[exponentwptheme.com/finance/portfolio/insurance/index.html]
[exponentwptheme.com/finance/portfolio/business-loans/index.html]
[exponentwptheme.com/cdn-cgi/scripts/5c5dd728/cloudflare-static/email-decode.min.js]
[exponentwptheme.com/finance/portfolio/money-markets/index.html]
[exponentwptheme.com/finance/blog/index.html]
[exponentwptheme.com/finance/contact/index.html]
[exponentwptheme.com/finance/by-2030-every-person-in-the-planet-will-have-a-smartphone/index.html]
[exponentwptheme.com/finance/category/technology/index.html]
[exponentwptheme.com/finance/category/news/index.html]
[exponentwptheme.com/finance/places-you-need-to-visit-before-you-get-married/index.html]
[exponentwptheme.com/finance/category/lifestyle/index.html]
[exponentwptheme.com/finance/wp-content/plugins/tatsu/img/exponent-dark-logo.svg]
[exponentwptheme.com/finance/why-you-to-hire-a-lawyer-to-prepare-your-privacy-policy/index.html]
[exponentwptheme.com/finance/category/travel/index.html]
[exponentwptheme.com/finance/category/miscellaneous/index.html]
[exponentwptheme.com/finance/category/tips/index.html]
[exponentwptheme.com/finance/wp-content/plugins/tatsu/img/exponent-light-logo.svg]
[exponentwptheme.com/finance/wp-includes/js/comment-reply.min03ec.js]
[qu3r1v212d48cje431eqa61a-wpengine.netdna-ssl.com/wp-content/plugins/be-grid/js/vendor/asyncloader.min9030.js]
[qu3r1v212d48cje431eqa61a-wpengine.netdna-ssl.com/wp-content/plugins/be-grid/js/helpers.min9030.js]
[qu3r1v212d48cje431eqa61a-wpengine.netdna-ssl.com/wp-content/plugins/be-grid/js/vendor/debouncedresize.min9030.js]
[qu3r1v212d48cje431eqa61a-wpengine.netdna-ssl.com/wp-content/plugins/be-grid/js/portfolio.min9030.js]
[exponentwptheme.com/finance/wp-content/plugins/contact-form-7/includes/js/scriptsc6ac.js]
[qu3r1v212d48cje431eqa61a-wpengine.netdna-ssl.com/wp-content/plugins/exponent-modules/public/js/exp-modules.min53cf.js]
[exponentwptheme.com/finance/wp-content/plugins/instagram-feed/js/sb-instagram.min2f3e.js]
[qu3r1v212d48cje431eqa61a-wpengine.netdna-ssl.com/wp-content/plugins/tatsu/public/js/vendor/es6-promise.auto.min03ec.js]
[exponentwptheme.com/finance/wp-includes/js/jquery/ui/core.mine899.js]
[exponentwptheme.com/finance/wp-includes/js/jquery/ui/widget.mine899.js]
[exponentwptheme.com/finance/wp-includes/js/jquery/ui/accordion.mine899.js]
[exponentwptheme.com/finance/wp-includes/js/jquery/ui/tabs.mine899.js]
[qu3r1v212d48cje431eqa61a-wpengine.netdna-ssl.com/wp-content/plugins/tatsu/public/js/tatsu.min005e.js]
[exponentwptheme.com/finance/wp-content/plugins/tatsu/public/js/tatsu-header.min005e.js]
[qu3r1v212d48cje431eqa61a-wpengine.netdna-ssl.com/wp-content/themes/exponent/js/main.min9030.js]
[exponentwptheme.com/finance/wp-includes/js/wp-embed.min03ec.js]
[exponentwptheme.com/finance/index.html]
[exponentwptheme.com/finance/wp-includes/css/dist/block-library/style.min03ec.css]
[ajax.cloudflare.com/cdn-cgi/scripts/7089c43e/cloudflare-static/rocket-loader.min.js]
[qu3r1v212d48cje431eqa61a-wpengine.netdna-ssl.com/wp-content/plugins/be-grid/css/modulobox.svg]
[qu3r1v212d48cje431eqa61a-wpengine.netdna-ssl.com/wp-content/plugins/be-grid/img/plus_icon.37.delayed]
[qu3r1v212d48cje431eqa61a-wpengine.netdna-ssl.com/wp-content/plugins/be-grid/css/be-grid.min9030.css]
[exponentwptheme.com/finance/wp-content/plugins/contact-form-7/images/ajax-loader.gif]
[exponentwptheme.com/finance/wp-content/plugins/contact-form-7/includes/css/stylesc6ac.css]
[qu3r1v212d48cje431eqa61a-wpengine.netdna-ssl.com/wp-content/plugins/tatsu/public/css/tatsu.min005e.css]
[qu3r1v212d48cje431eqa61a-wpengine.netdna-ssl.com/wp-content/plugins/exponent-modules/public/css/exponent-modules.min53cf.css]
[exponentwptheme.com/finance/wp-content/plugins/instagram-feed/img/small-logo.png]
[exponentwptheme.com/finance/wp-content/plugins/instagram-feed/css/sb-instagram.min2f3e.css]
[exponentwptheme.com/finance/wp-content/plugins/tatsu/includes/icons/tatsu_icons/fonts/tatsu-icons7ab3.woff2]
[exponentwptheme.com/finance/wp-content/plugins/tatsu/includes/icons/tatsu_icons/fonts/tatsu-icons7ab3.ttf]
[exponentwptheme.com/finance/wp-content/plugins/tatsu/includes/icons/tatsu_icons/fonts/tatsu-icons7ab3.woff]
[exponentwptheme.com/finance/wp-content/plugins/tatsu/includes/icons/tatsu_icons/tatsu-icons03ec.css]
[exponentwptheme.com/finance/wp-content/plugins/typehub/public/css/typehub-publicd5f7.css]
[exponentwptheme.com/finance/wp-content/plugins/tatsu/includes/icons/tatsu_icons/fonts/tatsu-icons7ab3.svg]
[exponentwptheme.com/finance/wp-content/plugins/revslider/public/assets/fonts/revicons/revicons90c6.eot]
[exponentwptheme.com/finance/wp-content/plugins/revslider/public/assets/fonts/revicons/revicons90c6.woff]
[exponentwptheme.com/finance/wp-content/plugins/revslider/public/assets/fonts/revicons/revicons90c6.ttf]
[exponentwptheme.com/finance/wp-content/plugins/revslider/public/assets/fonts/revicons/revicons90c6.svg]
[exponentwptheme.com/finance/wp-content/plugins/revslider/public/assets/assets/gridtile.png]
[exponentwptheme.com/finance/wp-content/plugins/revslider/public/assets/assets/gridtile_white.png]
[exponentwptheme.com/finance/wp-content/plugins/revslider/public/assets/assets/gridtile_3x3.png]
[exponentwptheme.com/finance/wp-content/plugins/revslider/public/assets/assets/gridtile_3x3_white.png]
[exponentwptheme.com/finance/wp-content/plugins/revslider/public/assets/assets/coloredbg.png]
[exponentwptheme.com/finance/wp-content/plugins/revslider/public/assets/assets/loader.gif]
[exponentwptheme.com/finance/wp-content/plugins/revslider/public/assets/css/settings84f5.css]
[qu3r1v212d48cje431eqa61a-wpengine.netdna-ssl.com/wp-content/themes/exponent/fonts/exponent-icons/exponent.woff]
[qu3r1v212d48cje431eqa61a-wpengine.netdna-ssl.com/wp-content/themes/exponent/fonts/icons9030.css]
[qu3r1v212d48cje431eqa61a-wpengine.netdna-ssl.com/wp-content/themes/exponent/css/vendor/vendor.min9030.css]
[qu3r1v212d48cje431eqa61a-wpengine.netdna-ssl.com/wp-content/themes/exponent/css/main.min9030.css]
[qu3r1v212d48cje431eqa61a-wpengine.netdna-ssl.com/wp-content/themes/exponent/style9030.css]
[qu3r1v212d48cje431eqa61a-wpengine.netdna-ssl.com/wp-content/themes/exponent/fonts/exponent-icons/exponent.svg]
[exponentwptheme.com/finance/wp-json/oembed/1.0/embed6536.json]
[exponentwptheme.com/finance/wp-json/oembed/1.0/embedcef8]
[exponentwptheme.com/finance/wp-content/uploads/sites/19/2018/09/Home-Hero-IMG.jpg]
[exponentwptheme.com/finance/home/index.html]
[exponentwptheme.com/finance/wp-json/oembed/1.0/embed039d.json]
[exponentwptheme.com/finance/wp-json/oembed/1.0/embed24f8]
[exponentwptheme.com/finance/wp-content/uploads/sites/19/2018/11/Service-5.jpg]
[exponentwptheme.com/finance/wp-content/uploads/sites/19/2018/11/Service-4.jpg]
[exponentwptheme.com/finance/wp-content/uploads/sites/19/2018/10/finance-rev.jpg]
[exponentwptheme.com/finance/wp-content/uploads/sites/19/2018/09/Team-1.jpg]
[exponentwptheme.com/finance/wp-content/uploads/sites/19/2018/09/Team-2.jpg]
[exponentwptheme.com/finance/wp-content/uploads/sites/19/2018/09/Team-4.jpg]
[exponentwptheme.com/finance/wp-content/uploads/sites/19/2018/09/Team-3.jpg]
[exponentwptheme.com/finance/wp-content/uploads/sites/19/2018/09/Team-8.jpg]
[exponentwptheme.com/finance/wp-content/uploads/sites/19/2018/09/Team-5.jpg]
[exponentwptheme.com/finance/wp-content/uploads/sites/19/2018/09/Team-6.jpg]
[exponentwptheme.com/finance/wp-content/uploads/sites/19/2018/09/Team-7.jpg]
[exponentwptheme.com/finance/wp-content/uploads/sites/19/2018/10/Client-1.png]
[exponentwptheme.com/finance/wp-content/uploads/sites/19/2018/10/Client-2.png]
[exponentwptheme.com/finance/wp-content/uploads/sites/19/2018/10/Client-3.png]
[exponentwptheme.com/finance/wp-content/uploads/sites/19/2018/10/Client-4.png]
[exponentwptheme.com/finance/wp-content/uploads/sites/19/2018/10/Client-5.png]
[exponentwptheme.com/finance/wp-content/uploads/sites/19/2018/09/About-CTA-IMG.jpg]
[exponentwptheme.com/finance/about-2/index.html]
[exponentwptheme.com/finance/wp-json/oembed/1.0/embed169f.json]
[exponentwptheme.com/finance/wp-json/oembed/1.0/embed3f39]
[exponentwptheme.com/finance/wp-content/uploads/sites/19/2018/11/Service-Hero-IMG.jpg]
[exponentwptheme.com/finance/wp-content/uploads/sites/19/2018/11/Service-IMG-2.jpg]
[exponentwptheme.com/finance/wp-content/uploads/sites/19/2018/11/Service-IMG-3.jpg]
[exponentwptheme.com/finance/wp-content/uploads/sites/19/2018/11/Service-IMG-4.jpg]
[exponentwptheme.com/finance/services/index.html]
[exponentwptheme.com/finance/wp-json/oembed/1.0/embeda191.json]
[exponentwptheme.com/finance/wp-json/oembed/1.0/embede42f]
[exponentwptheme.com/finance/wp-content/uploads/sites/19/2018/11/Service-6.jpg]
[exponentwptheme.com/finance/portfolio/consulting/index.html]
[exponentwptheme.com/finance/wp-json/oembed/1.0/embed9a5b.json]
[exponentwptheme.com/finance/wp-json/oembed/1.0/embed10b1]
[exponentwptheme.com/finance/wp-content/uploads/sites/19/2018/11/Service-1.jpg]
[exponentwptheme.com/finance/portfolio/stock-markets/index.html]
[exponentwptheme.com/finance/wp-json/oembed/1.0/embed3a2c.json]
[exponentwptheme.com/finance/wp-json/oembed/1.0/embed5a68]
[exponentwptheme.com/finance/wp-content/uploads/sites/19/2018/11/Service-2.jpg]
[exponentwptheme.com/finance/portfolio/mutual-funds/index.html]
[exponentwptheme.com/finance/wp-json/oembed/1.0/embede984.json]
[exponentwptheme.com/finance/portfolio/insurance/index.html]
[exponentwptheme.com/finance/wp-json/oembed/1.0/embedb0c5]
[exponentwptheme.com/finance/wp-json/oembed/1.0/embedfa3e.json]
[exponentwptheme.com/finance/portfolio/business-loans/index.html]
[exponentwptheme.com/finance/wp-json/oembed/1.0/embedbe23]
[exponentwptheme.com/finance/wp-json/oembed/1.0/embed0ab0.json]
[exponentwptheme.com/finance/wp-json/oembed/1.0/embed54e4]
[exponentwptheme.com/finance/wp-content/uploads/sites/19/2018/11/Service-3.jpg]
[exponentwptheme.com/finance/portfolio/money-markets/index.html]
[exponentwptheme.com/finance/wp-content/uploads/sites/19/2018/12/exp-logo-dark.svg]
[exponentwptheme.com/finance/wp-content/uploads/sites/19/2018/12/exp-logo-light.svg]
[exponentwptheme.com/finance/a-fully-visual-way-to-build-websites-using-wordpress/index.html]
[exponentwptheme.com/finance/wp-content/uploads/sites/19/2018/08/Blog-17-Image-2-150x150.jpg]
[exponentwptheme.com/finance/category/reviews/index.html]
[exponentwptheme.com/finance/words-of-wisdom-from-a-successful-blogger-and-mom-of-three/index.html]
[exponentwptheme.com/finance/10-things-that-every-startup-needs-to-do-to-succeed/index.html]
[exponentwptheme.com/finance/how-robots-are-helping-farmers-in-improving-produce-quality/index.html]
[exponentwptheme.com/finance/the-apps-you-need-to-install-to-improve-your-productivity/index.html]
[exponentwptheme.com/finance/will-vr-revolutionize-the-way-kids-learn-at-school/index.html]
[exponentwptheme.com/finance/create-websites-that-load-at-blazing-fast-speeds-using-exponent/index.html]
[exponentwptheme.com/finance/artificial-intelligence-will-be-the-next-big-thing-in-technology/index.html]
[exponentwptheme.com/finance/wp-content/uploads/sites/19/2018/11/Service-3-150x150.jpg]
[exponentwptheme.com/finance/wp-content/uploads/sites/19/2018/08/exp-blog-23-150x150.jpg]
[exponentwptheme.com/finance/blog/index.html]
[exponentwptheme.com/finance/wp-json/oembed/1.0/embed4c75.json]
[exponentwptheme.com/finance/wp-json/oembed/1.0/embed17b9]
[exponentwptheme.com/finance/wp-content/uploads/sites/19/2018/09/Contact-Hero-IMG.jpg]
[exponentwptheme.com/finance/contact/index.html]
[exponentwptheme.com/finance/wp-content/uploads/sites/19/2018/09/Home-IMG-5.svg]
[exponentwptheme.com/finance/wp-json/oembed/1.0/embedb50e.json]
[exponentwptheme.com/finance/wp-json/oembed/1.0/embede69c]
[exponentwptheme.com/finance/by-2030-every-person-in-the-planet-will-have-a-smartphone/feed/index.html]
[exponentwptheme.com/finance/wp-content/uploads/sites/19/2018/08/Blog-17-Image-2.jpg]
[exponentwptheme.com/finance/wp-content/uploads/sites/19/2018/08/exp-blog-027.jpg]
[exponentwptheme.com/finance/wp-content/uploads/sites/19/2018/08/exp-blog-029.jpg]
[exponentwptheme.com/finance/wp-content/uploads/sites/19/2018/08/exp-blog-26.jpg]
[exponentwptheme.com/finance/by-2030-every-person-in-the-planet-will-have-a-smartphone/index.html]
[exponentwptheme.com/finance/by-2030-every-person-in-the-planet-will-have-a-smartphone/index027c.html]
[exponentwptheme.com/finance/by-2030-every-person-in-the-planet-will-have-a-smartphone/index3ed4.html]
[exponentwptheme.com/finance/by-2030-every-person-in-the-planet-will-have-a-smartphone/index8410.html]
[exponentwptheme.com/finance/category/news/index.html]
[exponentwptheme.com/finance/author/exponenttheme/index.html]
[exponentwptheme.com/finance/category/technology/index.html]
[exponentwptheme.com/finance/category/news/feed/index.html]
[exponentwptheme.com/finance/category/technology/feed/index.html]
[exponentwptheme.com/finance/wp-json/oembed/1.0/embed77e3.json]
[exponentwptheme.com/finance/places-you-need-to-visit-before-you-get-married/feed/index.html]
[exponentwptheme.com/finance/wp-json/oembed/1.0/embed30d1]
[exponentwptheme.com/finance/wp-content/uploads/sites/19/2018/08/exp-blog-020.jpg]
[exponentwptheme.com/finance/wp-content/uploads/sites/19/2018/08/exp-blog-000.jpg]
[exponentwptheme.com/finance/wp-content/uploads/sites/19/2018/08/exp-blog-001.jpg]
[exponentwptheme.com/finance/wp-content/uploads/sites/19/2018/08/exp-blog-024.jpg]
[exponentwptheme.com/finance/places-you-need-to-visit-before-you-get-married/index.html]
[exponentwptheme.com/finance/category/lifestyle/index.html]
[exponentwptheme.com/finance/places-you-need-to-visit-before-you-get-married/index46e3.html]
[exponentwptheme.com/finance/category/lifestyle/feed/index.html]
[exponentwptheme.com/finance/places-you-need-to-visit-before-you-get-married/index7693.html]
[exponentwptheme.com/finance/places-you-need-to-visit-before-you-get-married/index3171.html]
[exponentwptheme.com/finance/category/travel/feed/index.html]
[exponentwptheme.com/finance/category/travel/index.html]
[static.cloudflareinsights.com/beacon.min.js]
[exponentwptheme.com/finance/wp-json/oembed/1.0/embedfa8a.json]
[exponentwptheme.com/finance/why-you-to-hire-a-lawyer-to-prepare-your-privacy-policy/feed/index.html]
[exponentwptheme.com/finance/wp-json/oembed/1.0/embed5225]
[exponentwptheme.com/finance/wp-content/uploads/sites/19/2018/08/exp-blog-23.jpg]
[exponentwptheme.com/finance/wp-content/uploads/sites/19/2018/07/exp-1-abt-testi.png]
[exponentwptheme.com/finance/why-you-to-hire-a-lawyer-to-prepare-your-privacy-policy/index.html]
[exponentwptheme.com/finance/category/miscellaneous/index.html]
[exponentwptheme.com/finance/tag/cookie/index.html]
[exponentwptheme.com/finance/category/tips/index.html]
[exponentwptheme.com/finance/tag/gdpr/index.html]
[exponentwptheme.com/finance/tag/legal/index.html]
[exponentwptheme.com/finance/wp-admin/admin-ajax.html]
[exponentwptheme.com/finance/why-you-to-hire-a-lawyer-to-prepare-your-privacy-policy/index616c.html]
[exponentwptheme.com/finance/wp-content/plugins/tatsu/img/exponent-dark-logo.svg]
[exponentwptheme.com/finance/why-you-to-hire-a-lawyer-to-prepare-your-privacy-policy/indexd61b.html]
[exponentwptheme.com/finance/why-you-to-hire-a-lawyer-to-prepare-your-privacy-policy/indexdb9d.html]
[exponentwptheme.com/finance/tag/privacy/index.html]
[exponentwptheme.com/finance/wp-content/plugins/tatsu/img/exponent-light-logo.svg]
[qu3r1v212d48cje431eqa61a-wpengine.netdna-ssl.com/wp-content/plugins/be-grid/css/modulobox.svg]
[qu3r1v212d48cje431eqa61a-wpengine.netdna-ssl.com/wp-content/plugins/be-grid/img/plus_icon.html]
[exponentwptheme.com/finance/wp-content/plugins/tatsu/includes/icons/tatsu_icons/fonts/tatsu-icons7ab3.svg]
[exponentwptheme.com/finance/wp-content/plugins/revslider/public/assets/fonts/revicons/revicons90c6.svg]
[exponentwptheme.com/finance/wp-content/plugins/revslider/public/assets/css/openhand.html]
[exponentwptheme.com/finance/wp-content/plugins/revslider/public/assets/css/closedhand.html]
[exponentwptheme.com/finance/category/miscellaneous/feed/index.html]
[exponentwptheme.com/finance/category/tips/feed/index.html]
[qu3r1v212d48cje431eqa61a-wpengine.netdna-ssl.com/wp-content/themes/exponent/fonts/exponent-icons/exponent.svg]
[exponentwptheme.com/finance/index5c7e.html]
[exponentwptheme.com/finance/indexbe3b.html]
[exponentwptheme.com/finance/index1a22.html]
[exponentwptheme.com/finance/index2920.html]
[exponentwptheme.com/finance/indexf5e4.html]
[exponentwptheme.com/finance/index90df.html]
[exponentwptheme.com/finance/index2308.html]
[exponentwptheme.com/finance/indexb287.html]
[exponentwptheme.com/finance/index33ec.html]
[qu3r1v212d48cje431eqa61a-wpengine.netdna-ssl.com/wp-content/themes/exponent/fonts/exponent-icons/exponent.ttf]
[exponentwptheme.com/finance/a-fully-visual-way-to-build-websites-using-wordpress/feed/index.html]
[exponentwptheme.com/finance/wp-json/oembed/1.0/embed324d.json]
[exponentwptheme.com/finance/wp-json/oembed/1.0/embedfe04]
[exponentwptheme.com/finance/wp-content/uploads/sites/19/2018/08/exp-blog-026.jpg]
[exponentwptheme.com/finance/wp-content/uploads/sites/19/2018/08/smartmockups_jkw9oqh9.jpg]
[exponentwptheme.com/finance/wp-content/uploads/sites/19/2018/08/tatsu-shot.jpg]
[exponentwptheme.com/finance/a-fully-visual-way-to-build-websites-using-wordpress/index.html]
[exponentwptheme.com/finance/category/reviews/index.html]
[exponentwptheme.com/finance/a-fully-visual-way-to-build-websites-using-wordpress/indexa129.html]
[exponentwptheme.com/finance/a-fully-visual-way-to-build-websites-using-wordpress/indexfdcf.html]
[exponentwptheme.com/finance/a-fully-visual-way-to-build-websites-using-wordpress/indexdcee.html]
[exponentwptheme.com/finance/wp-json/oembed/1.0/embed5104.json]
[exponentwptheme.com/finance/category/reviews/feed/index.html]
[exponentwptheme.com/finance/words-of-wisdom-from-a-successful-blogger-and-mom-of-three/feed/index.html]
[exponentwptheme.com/finance/wp-json/oembed/1.0/embed9844]
[exponentwptheme.com/finance/wp-content/uploads/sites/19/2018/08/exp-blog-16.jpg]
[exponentwptheme.com/finance/wp-content/uploads/sites/19/2018/08/exp-blog-005.jpg]
[exponentwptheme.com/finance/wp-content/uploads/sites/19/2018/08/exp-blog-008.jpg]
[exponentwptheme.com/finance/wp-content/uploads/sites/19/2018/08/exp-blog-019.jpg]
[exponentwptheme.com/finance/wp-content/uploads/sites/19/2018/08/exp-blog-004.jpg]
[exponentwptheme.com/finance/words-of-wisdom-from-a-successful-blogger-and-mom-of-three/index0c48.html]
[exponentwptheme.com/finance/words-of-wisdom-from-a-successful-blogger-and-mom-of-three/index5602.html]
[exponentwptheme.com/finance/words-of-wisdom-from-a-successful-blogger-and-mom-of-three/index1b7b.html]
[exponentwptheme.com/finance/words-of-wisdom-from-a-successful-blogger-and-mom-of-three/index.html]
[exponentwptheme.com/finance/10-things-that-every-startup-needs-to-do-to-succeed/feed/index.html]
[exponentwptheme.com/finance/wp-json/oembed/1.0/embeda94f.json]
[exponentwptheme.com/finance/wp-json/oembed/1.0/embed0aa9]
[exponentwptheme.com/finance/wp-content/uploads/sites/19/2018/08/Blog-17-Image-1.jpg]
[exponentwptheme.com/finance/wp-content/uploads/sites/19/2018/08/exp-blog-011.jpg]
[exponentwptheme.com/finance/wp-content/uploads/sites/19/2018/08/exp-blog-025.jpg]
[exponentwptheme.com/finance/wp-content/uploads/sites/19/2018/08/exp-blog-021.jpg]
[exponentwptheme.com/finance/wp-content/uploads/sites/19/2018/08/exp-blog-014.jpg]
[exponentwptheme.com/finance/10-things-that-every-startup-needs-to-do-to-succeed/index.html]
[exponentwptheme.com/finance/10-things-that-every-startup-needs-to-do-to-succeed/indexa79a.html]
[exponentwptheme.com/finance/wp-json/oembed/1.0/embed9b10.json]
[exponentwptheme.com/finance/10-things-that-every-startup-needs-to-do-to-succeed/indexb951.html]
[exponentwptheme.com/finance/10-things-that-every-startup-needs-to-do-to-succeed/index5a86.html]
[exponentwptheme.com/finance/how-robots-are-helping-farmers-in-improving-produce-quality/feed/index.html]
[exponentwptheme.com/finance/wp-json/oembed/1.0/embeda269]
[exponentwptheme.com/finance/wp-content/uploads/sites/19/2018/08/exp-blog-018.jpg]
[exponentwptheme.com/finance/wp-content/uploads/sites/19/2018/08/exp-blog-022.jpg]
[exponentwptheme.com/finance/how-robots-are-helping-farmers-in-improving-produce-quality/index6f0d.html]
[exponentwptheme.com/finance/how-robots-are-helping-farmers-in-improving-produce-quality/index360b.html]
[exponentwptheme.com/finance/how-robots-are-helping-farmers-in-improving-produce-quality/index8528.html]
[exponentwptheme.com/finance/how-robots-are-helping-farmers-in-improving-produce-quality/index.html]
[exponentwptheme.com/finance/wp-json/oembed/1.0/embeddb95.json]
[exponentwptheme.com/finance/the-apps-you-need-to-install-to-improve-your-productivity/feed/index.html]
[exponentwptheme.com/finance/wp-json/oembed/1.0/embedecbf]
[exponentwptheme.com/finance/wp-content/uploads/sites/19/2018/09/About-IMG-2.jpg]
[exponentwptheme.com/finance/wp-content/uploads/sites/19/2018/08/slack-1.jpg]
[exponentwptheme.com/finance/wp-content/uploads/sites/19/2018/08/helpscout.jpg]
[exponentwptheme.com/finance/wp-content/uploads/sites/19/2018/08/bitbucket.jpg]
[exponentwptheme.com/finance/wp-content/uploads/sites/19/2018/08/mailchimp.jpg]
[exponentwptheme.com/finance/wp-content/uploads/sites/19/2018/08/sketch.jpg]
[exponentwptheme.com/finance/the-apps-you-need-to-install-to-improve-your-productivity/index.html]
[exponentwptheme.com/finance/the-apps-you-need-to-install-to-improve-your-productivity/indexa858.html]
[exponentwptheme.com/finance/the-apps-you-need-to-install-to-improve-your-productivity/indexfa40.html]
[exponentwptheme.com/finance/will-vr-revolutionize-the-way-kids-learn-at-school/feed/index.html]
[exponentwptheme.com/finance/the-apps-you-need-to-install-to-improve-your-productivity/index04d3.html]
[exponentwptheme.com/finance/wp-json/oembed/1.0/embed5838.json]
[exponentwptheme.com/finance/wp-json/oembed/1.0/embeddaf2]
[exponentwptheme.com/finance/wp-content/uploads/sites/19/2018/08/exp-blog-030.jpg]
[exponentwptheme.com/finance/wp-content/uploads/sites/19/2018/08/exp-blog-006.jpg]
[exponentwptheme.com/finance/wp-content/uploads/sites/19/2018/08/exp-blog-007.jpg]
[exponentwptheme.com/finance/wp-content/uploads/sites/19/2018/08/exp-blog-031.jpg]
[exponentwptheme.com/finance/will-vr-revolutionize-the-way-kids-learn-at-school/index.html]
[exponentwptheme.com/finance/will-vr-revolutionize-the-way-kids-learn-at-school/index94a5.html]
[exponentwptheme.com/finance/will-vr-revolutionize-the-way-kids-learn-at-school/index6944.html]
[exponentwptheme.com/finance/will-vr-revolutionize-the-way-kids-learn-at-school/indexfc06.html]
[exponentwptheme.com/finance/create-websites-that-load-at-blazing-fast-speeds-using-exponent/feed/index.html]
[exponentwptheme.com/finance/wp-json/oembed/1.0/embed4e2e.json]
[exponentwptheme.com/finance/wp-json/oembed/1.0/embedcad0]
[exponentwptheme.com/finance/create-websites-that-load-at-blazing-fast-speeds-using-exponent/index.html]
[exponentwptheme.com/finance/create-websites-that-load-at-blazing-fast-speeds-using-exponent/index8e42.html]
[exponentwptheme.com/finance/wp-json/oembed/1.0/embedf65a.json]
[exponentwptheme.com/finance/create-websites-that-load-at-blazing-fast-speeds-using-exponent/index41b7.html]
[exponentwptheme.com/finance/artificial-intelligence-will-be-the-next-big-thing-in-technology/feed/index.html]
[exponentwptheme.com/finance/create-websites-that-load-at-blazing-fast-speeds-using-exponent/index267f.html]
[exponentwptheme.com/finance/wp-json/oembed/1.0/embed3375]
[exponentwptheme.com/finance/wp-content/uploads/sites/19/2018/08/exp-blog-02.jpg]
[exponentwptheme.com/finance/wp-content/uploads/sites/19/2018/08/exp-blog-002.jpg]
[exponentwptheme.com/finance/wp-content/uploads/sites/19/2018/08/exp-blog-003.jpg]
[exponentwptheme.com/finance/artificial-intelligence-will-be-the-next-big-thing-in-technology/index.html]
[exponentwptheme.com/finance/indexe5f7.html]
[exponentwptheme.com/finance/indexbc46.html]
[exponentwptheme.com/finance/author/exponenttheme/index.html]
[exponentwptheme.com/finance/artificial-intelligence-will-be-the-next-big-thing-in-technology/index21b4.html]
[exponentwptheme.com/finance/artificial-intelligence-will-be-the-next-big-thing-in-technology/index0e22.html]
[exponentwptheme.com/finance/artificial-intelligence-will-be-the-next-big-thing-in-technology/index3094.html]
[exponentwptheme.com/finance/author/exponenttheme/feed/index.html]
[exponentwptheme.com/finance/by-2030-every-person-in-the-planet-will-have-a-smartphone/index027c.html]
[exponentwptheme.com/finance/by-2030-every-person-in-the-planet-will-have-a-smartphone/index3ed4.html]
[exponentwptheme.com/finance/by-2030-every-person-in-the-planet-will-have-a-smartphone/index8410.html]
[exponentwptheme.com/finance/index6a20.html]
[exponentwptheme.com/finance/places-you-need-to-visit-before-you-get-married/index46e3.html]
[exponentwptheme.com/finance/places-you-need-to-visit-before-you-get-married/index3171.html]
[exponentwptheme.com/finance/places-you-need-to-visit-before-you-get-married/index7693.html]
[exponentwptheme.com/finance/index9376.html]
[exponentwptheme.com/finance/tag/cookie/index.html]
[exponentwptheme.com/finance/tag/gdpr/index.html]
[exponentwptheme.com/finance/tag/legal/index.html]
[exponentwptheme.com/finance/tag/privacy/index.html]
[exponentwptheme.com/finance/tag/cookie/feed/index.html]
[exponentwptheme.com/finance/tag/legal/feed/index.html]
[exponentwptheme.com/finance/tag/gdpr/feed/index.html]
[exponentwptheme.com/finance/tag/privacy/feed/index.html]
[exponentwptheme.com/finance/why-you-to-hire-a-lawyer-to-prepare-your-privacy-policy/index616c.html]
[exponentwptheme.com/finance/why-you-to-hire-a-lawyer-to-prepare-your-privacy-policy/indexd61b.html]
[exponentwptheme.com/finance/why-you-to-hire-a-lawyer-to-prepare-your-privacy-policy/indexdb9d.html]
[exponentwptheme.com/finance/indexe733.html]
[exponentwptheme.com/finance/a-fully-visual-way-to-build-websites-using-wordpress/indexa129.html]
[exponentwptheme.com/finance/a-fully-visual-way-to-build-websites-using-wordpress/indexdcee.html]
[exponentwptheme.com/finance/a-fully-visual-way-to-build-websites-using-wordpress/indexfdcf.html]
[exponentwptheme.com/finance/index9a43.html]
[exponentwptheme.com/finance/words-of-wisdom-from-a-successful-blogger-and-mom-of-three/index0c48.html]
[exponentwptheme.com/finance/words-of-wisdom-from-a-successful-blogger-and-mom-of-three/index5602.html]
[exponentwptheme.com/finance/words-of-wisdom-from-a-successful-blogger-and-mom-of-three/index1b7b.html]
[exponentwptheme.com/finance/indexff33.html]
[exponentwptheme.com/finance/10-things-that-every-startup-needs-to-do-to-succeed/indexa79a.html]
[exponentwptheme.com/finance/10-things-that-every-startup-needs-to-do-to-succeed/index5a86.html]
[exponentwptheme.com/finance/10-things-that-every-startup-needs-to-do-to-succeed/indexb951.html]
[exponentwptheme.com/finance/index125b.html]
[exponentwptheme.com/finance/how-robots-are-helping-farmers-in-improving-produce-quality/index360b.html]
[exponentwptheme.com/finance/how-robots-are-helping-farmers-in-improving-produce-quality/index6f0d.html]
[exponentwptheme.com/finance/how-robots-are-helping-farmers-in-improving-produce-quality/index8528.html]
[exponentwptheme.com/finance/index80c5.html]
[exponentwptheme.com/finance/the-apps-you-need-to-install-to-improve-your-productivity/indexa858.html]
[exponentwptheme.com/finance/the-apps-you-need-to-install-to-improve-your-productivity/indexfa40.html]
[exponentwptheme.com/finance/the-apps-you-need-to-install-to-improve-your-productivity/index04d3.html]
[exponentwptheme.com/finance/indexb367.html]
[exponentwptheme.com/finance/will-vr-revolutionize-the-way-kids-learn-at-school/index94a5.html]
[exponentwptheme.com/finance/will-vr-revolutionize-the-way-kids-learn-at-school/index6944.html]
[exponentwptheme.com/finance/will-vr-revolutionize-the-way-kids-learn-at-school/indexfc06.html]
[exponentwptheme.com/finance/indexbe24.html]
[exponentwptheme.com/finance/create-websites-that-load-at-blazing-fast-speeds-using-exponent/index8e42.html]
[exponentwptheme.com/finance/create-websites-that-load-at-blazing-fast-speeds-using-exponent/index41b7.html]
[exponentwptheme.com/finance/create-websites-that-load-at-blazing-fast-speeds-using-exponent/index267f.html]
[exponentwptheme.com/finance/index0e7c.html]
[exponentwptheme.com/finance/artificial-intelligence-will-be-the-next-big-thing-in-technology/index0e22.html]
[exponentwptheme.com/finance/artificial-intelligence-will-be-the-next-big-thing-in-technology/index21b4.html]
[exponentwptheme.com/finance/artificial-intelligence-will-be-the-next-big-thing-in-technology/index3094.html]
